// Vitest Snapshot v1, https://vitest.dev/guide/snapshot.html

exports[`ESLint integration snapshot > captures plugin warnings for the demo app 1`] = `
"
<projectRoot>/src/app/page.tsx
  254:3   warning  Component "Home" should not call useEffect directly. Extract this effect into a well-named custom hook (e.g., useDataLoader or useSyncProfile)                                                                                                                                            laststance/no-direct-use-effect
  280:15  warning  Avoid passing a useCallback-wrapped function "meaninglessFocus" to an intrinsic element. useCallback is intended to stabilize function props for memoized components to prevent unnecessary re-renders. Prefer an inline handler or plain function instead                                laststance/no-deopt-use-callback
  281:21  warning  Avoid passing a useMemo result "uselessMemoizedStyle" to an intrinsic element. useMemo is intended to stabilize values for memoized components or expensive computations, so inline them here instead                                                                                     laststance/no-deopt-use-memo
  289:23  warning  Component "PlainActionButton" receives a new inline function for prop "onPress". Wrap it with useCallback to keep the reference stable                                                                                                                                                    laststance/prefer-usecallback-might-work
  306:20  warning  Function "inlineToggle" passed to component "MemoizedTaskList" via prop "onToggle" is not wrapped in useCallback. Wrap it with useCallback to avoid unnecessary renders                                                                                                                   laststance/prefer-usecallback-might-work
  306:20  warning  Function "inlineToggle" passed to memoized component "MemoizedTaskList" via prop "onToggle" is not wrapped in useCallback. Wrap it with useCallback to avoid breaking memoization                                                                                                         laststance/prefer-usecallback-for-memoized-component
  307:22  warning  Value "unstableEmphasisStyles" passed to memoized component "MemoizedTaskList" via prop "listStyles" is not wrapped in useMemo. Wrap it with useMemo to prevent breaking memoization                                                                                                      laststance/prefer-usememo-for-memoized-component
  307:22  warning  Value "unstableEmphasisStyles" passed to component "MemoizedTaskList" via prop "listStyles" is not wrapped in useMemo. Wrap it with useMemo to avoid unnecessary renders                                                                                                                  laststance/prefer-usememo-might-work
  312:29  warning  Value "inlineFilters" passed to component "StatsPanel" via prop "filters" is not wrapped in useMemo. Wrap it with useMemo to avoid unnecessary renders                                                                                                                                    laststance/prefer-usememo-might-work
  318:11  warning  Avoid passing a new object literal to Context.Provider "value" on each render. Wrap it in useMemo/useCallback to provide a stable reference and prevent unnecessary context consumers re-rendering                                                                                        laststance/prefer-stable-context-value
  334:11  warning  Avoid creating a new function call for className on each render. Prefer a stable string, template literal, or a memoized result of a classnames utility                                                                                                                                   laststance/no-unstable-classname-prop
  397:33  warning  Avoid prop-drilling a React.useState updater (onIncrement). It tightly couples components and can cause unnecessary re-renders due to unstable function identity. Prefer exposing a semantic handler (e.g., onIncrement) or use a state management library (e.g., Zustand, Redux, Jotai)  laststance/no-set-state-prop-drilling

✖ 12 problems (0 errors, 12 warnings)
"
`;
