
<projectRoot>/tests/fixtures/eslint-v10/page.jsx
   6:7   warning  In React 19, 'forwardRef' is no longer necessary. Pass 'ref' as a prop instead                                                                                                                      laststance/no-forward-ref
   7:10  warning  Missing an explicit type attribute for button                                                                                                                                                       laststance/no-missing-button-type
  11:3   warning  Component "V10CompatFixture" should not call useEffect directly. Extract this effect into a well-named custom hook (e.g., useDataLoader or useSyncProfile)                                          laststance/no-direct-use-effect
  14:5   warning  In React 19, you can render '<Context>' as a provider instead of '<Context.Provider>'                                                                                                               laststance/no-context-provider
  14:28  warning  Avoid passing a new object literal to Context.Provider "value" on each render. Wrap it in useMemo/useCallback to provide a stable reference and prevent unnecessary context consumers re-rendering  laststance/prefer-stable-context-value
  15:7   warning  Missing an explicit type attribute for button                                                                                                                                                       laststance/no-missing-button-type
  18:9   warning  A fragment placed inside a host component is useless                                                                                                                                                laststance/jsx-no-useless-fragment

✖ 7 problems (0 errors, 7 warnings)
  0 errors and 2 warnings potentially fixable with the `--fix` option.
