
<projectRoot>/tests/fixtures/eslint-v10/page.jsx
   1:17  warning  Do not use React.createContext. Prefer explicit props, component composition, or an external state store                                                                                            laststance/no-react-context
   7:7   warning  In React 19, 'forwardRef' is no longer necessary. Pass 'ref' as a prop instead                                                                                                                      laststance/no-forward-ref
  37:34  warning  Avoid forwarding the received prop "value" through two or more component levels. Read the value closer to its owner or use composition or state management                                          laststance/no-prop-drilling
  53:3   warning  Component "V10CompatFixture" should not call useEffect directly. Extract this effect into a well-named custom hook (e.g., useDataLoader or useSyncProfile)                                          laststance/no-direct-use-effect
  56:5   warning  In React 19, you can render '<Context>' as a provider instead of '<Context.Provider>'                                                                                                               laststance/no-context-provider
  56:28  warning  Avoid passing a new object literal to Context.Provider "value" on each render. Wrap it in useMemo/useCallback to provide a stable reference and prevent unnecessary context consumers re-rendering  laststance/prefer-stable-context-value
  57:7   warning  Missing an explicit type attribute for button                                                                                                                                                       laststance/no-missing-button-type
  59:11  warning  Do not use immediately invoked function expressions inside JSX. Move the logic outside JSX and reference the computed value instead                                                                 laststance/no-jsx-iife
  61:9   warning  A fragment placed inside a host component is useless                                                                                                                                                laststance/jsx-no-useless-fragment

✖ 9 problems (0 errors, 9 warnings)
  0 errors and 2 warnings potentially fixable with the `--fix` option.
